Time: 0.001468 s
Solutions: 2
